AR programcounter behavioral "C:/Users/cristian b/Documents/WorkPlace/firstprocessor-ronaldfelipse/ProgramCounter.vhd" sub00/vhpl09 1494868951
EN psr NULL "C:/Users/cristian b/Documents/WorkPlace/firstprocessor-ronaldfelipse/PSR.vhd" sub00/vhpl02 1494868944
AR procesador behavioral "C:/Users/cristian b/Documents/WorkPlace/firstprocessor-ronaldfelipse/Procesador.vhd" sub00/vhpl25 1494868967
EN windowsmanager NULL "C:/Users/cristian b/Documents/WorkPlace/firstprocessor-ronaldfelipse/WindowsManager.vhd" sub00/vhpl04 1494868946
EN unidadcontrol NULL "C:/Users/cristian b/Documents/WorkPlace/firstprocessor-ronaldfelipse/UnidadControl.vhd" sub00/vhpl14 1494868956
AR instructionmemory behavioral "C:/Users/cristian b/Documents/WorkPlace/firstprocessor-ronaldfelipse/InstructionMemory.vhd" sub00/vhpl13 1494868955
AR sumador32 behavioral "C:/Users/cristian b/Documents/WorkPlace/firstprocessor-ronaldfelipse/sumador32.vhd" sub00/vhpl11 1494868953
AR psrm behavioral "C:/Users/cristian b/Documents/WorkPlace/firstprocessor-ronaldfelipse/PSRM.vhd" sub00/vhpl01 1494868943
EN multiplexor32 NULL "C:/Users/cristian b/Documents/WorkPlace/firstprocessor-ronaldfelipse/multiplexor32.vhd" sub00/vhpl20 1494868962
EN procesador NULL "C:/Users/cristian b/Documents/WorkPlace/firstprocessor-ronaldfelipse/Procesador.vhd" sub00/vhpl24 1494868966
AR extensionsigno behavioral "C:/Users/cristian b/Documents/WorkPlace/firstprocessor-ronaldfelipse/extensionSigno.vhd" sub00/vhpl19 1494868961
EN nprogramcounter NULL "C:/Users/cristian b/Documents/WorkPlace/firstprocessor-ronaldfelipse/NProgramCounter.vhd" sub00/vhpl06 1494868948
EN extensionsigno NULL "C:/Users/cristian b/Documents/WorkPlace/firstprocessor-ronaldfelipse/extensionSigno.vhd" sub00/vhpl18 1494868960
AR unidadcontrol behavioral "C:/Users/cristian b/Documents/WorkPlace/firstprocessor-ronaldfelipse/UnidadControl.vhd" sub00/vhpl15 1494868957
AR psr behavioral "C:/Users/cristian b/Documents/WorkPlace/firstprocessor-ronaldfelipse/PSR.vhd" sub00/vhpl03 1494868945
EN programcounter NULL "C:/Users/cristian b/Documents/WorkPlace/firstprocessor-ronaldfelipse/ProgramCounter.vhd" sub00/vhpl08 1494868950
EN instructionmemory NULL "C:/Users/cristian b/Documents/WorkPlace/firstprocessor-ronaldfelipse/InstructionMemory.vhd" sub00/vhpl12 1494868954
AR nprogramcounter behavioral "C:/Users/cristian b/Documents/WorkPlace/firstprocessor-ronaldfelipse/NProgramCounter.vhd" sub00/vhpl07 1494868949
AR multiplexor32 behavioral "C:/Users/cristian b/Documents/WorkPlace/firstprocessor-ronaldfelipse/multiplexor32.vhd" sub00/vhpl21 1494868963
AR windowsmanager behavioral "C:/Users/cristian b/Documents/WorkPlace/firstprocessor-ronaldfelipse/WindowsManager.vhd" sub00/vhpl05 1494868947
EN sumador32 NULL "C:/Users/cristian b/Documents/WorkPlace/firstprocessor-ronaldfelipse/sumador32.vhd" sub00/vhpl10 1494868952
AR registerfile behavioral "C:/Users/cristian b/Documents/WorkPlace/firstprocessor-ronaldfelipse/RegisterFile.vhd" sub00/vhpl17 1494868959
AR alu behavioral "C:/Users/cristian b/Documents/WorkPlace/firstprocessor-ronaldfelipse/ALU.vhd" sub00/vhpl23 1494868965
EN psrm NULL "C:/Users/cristian b/Documents/WorkPlace/firstprocessor-ronaldfelipse/PSRM.vhd" sub00/vhpl00 1494868942
EN registerfile NULL "C:/Users/cristian b/Documents/WorkPlace/firstprocessor-ronaldfelipse/RegisterFile.vhd" sub00/vhpl16 1494868958
EN alu NULL "C:/Users/cristian b/Documents/WorkPlace/firstprocessor-ronaldfelipse/ALU.vhd" sub00/vhpl22 1494868964
