V3 88
FL "C:/Users/cristian b/Desktop/Arquitectura/firstprocessor-ronaldfelipse/ALU.vhd" 2017/04/26.18:02:34 P.20131013
EN work/ALU 1493939834 \
      FL "C:/Users/cristian b/Desktop/Arquitectura/firstprocessor-ronaldfelipse/ALU.vhd" \
      PB ieee/std_logic_1164 1381692176 PB ieee/STD_LOGIC_UNSIGNED 1381692179
AR work/ALU/Behavioral 1493939835 \
      FL "C:/Users/cristian b/Desktop/Arquitectura/firstprocessor-ronaldfelipse/ALU.vhd" \
      EN work/ALU 1493939834
FL "C:/Users/cristian b/Desktop/Arquitectura/firstprocessor-ronaldfelipse/extensionSigno.vhd" 2017/04/04.17:18:54 P.20131013
EN work/extensionSigno 1493939830 \
      FL "C:/Users/cristian b/Desktop/Arquitectura/firstprocessor-ronaldfelipse/extensionSigno.vhd" \
      PB ieee/std_logic_1164 1381692176
AR work/extensionSigno/Behavioral 1493939831 \
      FL "C:/Users/cristian b/Desktop/Arquitectura/firstprocessor-ronaldfelipse/extensionSigno.vhd" \
      EN work/extensionSigno 1493939830
FL "C:/Users/cristian b/Desktop/Arquitectura/firstprocessor-ronaldfelipse/InstructionMemory.vhd" 2017/04/04.17:18:54 P.20131013
EN work/InstructionMemory 1493939824 \
      FL "C:/Users/cristian b/Desktop/Arquitectura/firstprocessor-ronaldfelipse/InstructionMemory.vhd" \
      PB ieee/std_logic_1164 1381692176 PB ieee/STD_LOGIC_UNSIGNED 1381692179 \
      PB std/TEXTIO 1381692176
AR work/InstructionMemory/Behavioral 1493939825 \
      FL "C:/Users/cristian b/Desktop/Arquitectura/firstprocessor-ronaldfelipse/InstructionMemory.vhd" \
      EN work/InstructionMemory 1493939824
FL "C:/Users/cristian b/Desktop/Arquitectura/firstprocessor-ronaldfelipse/multiplexor32.vhd" 2017/04/04.17:18:54 P.20131013
EN work/multiplexor32 1493939832 \
      FL "C:/Users/cristian b/Desktop/Arquitectura/firstprocessor-ronaldfelipse/multiplexor32.vhd" \
      PB ieee/std_logic_1164 1381692176
AR work/multiplexor32/Behavioral 1493939833 \
      FL "C:/Users/cristian b/Desktop/Arquitectura/firstprocessor-ronaldfelipse/multiplexor32.vhd" \
      EN work/multiplexor32 1493939832
FL "C:/Users/cristian b/Desktop/Arquitectura/firstprocessor-ronaldfelipse/NProgramCounter.vhd" 2017/04/04.17:18:54 P.20131013
EN work/NProgramCounter 1493939818 \
      FL "C:/Users/cristian b/Desktop/Arquitectura/firstprocessor-ronaldfelipse/NProgramCounter.vhd" \
      PB ieee/std_logic_1164 1381692176
AR work/NProgramCounter/Behavioral 1493939819 \
      FL "C:/Users/cristian b/Desktop/Arquitectura/firstprocessor-ronaldfelipse/NProgramCounter.vhd" \
      EN work/NProgramCounter 1493939818
FL "C:/Users/cristian b/Desktop/Arquitectura/firstprocessor-ronaldfelipse/Procesador.vhd" 2017/04/21.17:19:41 P.20131013
EN work/Procesador 1493939836 \
      FL "C:/Users/cristian b/Desktop/Arquitectura/firstprocessor-ronaldfelipse/Procesador.vhd" \
      PB ieee/std_logic_1164 1381692176
AR work/Procesador/Behavioral 1493939837 \
      FL "C:/Users/cristian b/Desktop/Arquitectura/firstprocessor-ronaldfelipse/Procesador.vhd" \
      EN work/Procesador 1493939836 CP PSRM CP PSR CP WindowsManager \
      CP NProgramCounter CP ProgramCounter CP sumador32 CP InstructionMemory \
      CP UnidadControl CP RegisterFile CP extensionSigno CP multiplexor32 CP ALU
FL "C:/Users/cristian b/Desktop/Arquitectura/firstprocessor-ronaldfelipse/ProgramCounter.vhd" 2017/04/04.17:18:54 P.20131013
EN work/ProgramCounter 1493939820 \
      FL "C:/Users/cristian b/Desktop/Arquitectura/firstprocessor-ronaldfelipse/ProgramCounter.vhd" \
      PB ieee/std_logic_1164 1381692176
AR work/ProgramCounter/Behavioral 1493939821 \
      FL "C:/Users/cristian b/Desktop/Arquitectura/firstprocessor-ronaldfelipse/ProgramCounter.vhd" \
      EN work/ProgramCounter 1493939820
FL "C:/Users/cristian b/Desktop/Arquitectura/firstprocessor-ronaldfelipse/PSR.vhd" 2017/04/27.17:34:21 P.20131013
EN work/PSR 1493939814 \
      FL "C:/Users/cristian b/Desktop/Arquitectura/firstprocessor-ronaldfelipse/PSR.vhd" \
      PB ieee/std_logic_1164 1381692176
AR work/PSR/Behavioral 1493939815 \
      FL "C:/Users/cristian b/Desktop/Arquitectura/firstprocessor-ronaldfelipse/PSR.vhd" \
      EN work/PSR 1493939814
FL "C:/Users/cristian b/Desktop/Arquitectura/firstprocessor-ronaldfelipse/PSRM.vhd" 2017/04/18.16:40:57 P.20131013
EN work/PSRM 1493939812 \
      FL "C:/Users/cristian b/Desktop/Arquitectura/firstprocessor-ronaldfelipse/PSRM.vhd" \
      PB ieee/std_logic_1164 1381692176
AR work/PSRM/Behavioral 1493939813 \
      FL "C:/Users/cristian b/Desktop/Arquitectura/firstprocessor-ronaldfelipse/PSRM.vhd" \
      EN work/PSRM 1493939812
FL "C:/Users/cristian b/Desktop/Arquitectura/firstprocessor-ronaldfelipse/RegisterFile.vhd" 2017/04/21.17:17:48 P.20131013
EN work/RegisterFile 1493939828 \
      FL "C:/Users/cristian b/Desktop/Arquitectura/firstprocessor-ronaldfelipse/RegisterFile.vhd" \
      PB ieee/std_logic_1164 1381692176 PB ieee/STD_LOGIC_UNSIGNED 1381692179
AR work/RegisterFile/Behavioral 1493939829 \
      FL "C:/Users/cristian b/Desktop/Arquitectura/firstprocessor-ronaldfelipse/RegisterFile.vhd" \
      EN work/RegisterFile 1493939828
FL "C:/Users/cristian b/Desktop/Arquitectura/firstprocessor-ronaldfelipse/sumador32.vhd" 2017/04/04.17:18:54 P.20131013
EN work/sumador32 1493939822 \
      FL "C:/Users/cristian b/Desktop/Arquitectura/firstprocessor-ronaldfelipse/sumador32.vhd" \
      PB ieee/std_logic_1164 1381692176 PB ieee/STD_LOGIC_UNSIGNED 1381692179
AR work/sumador32/Behavioral 1493939823 \
      FL "C:/Users/cristian b/Desktop/Arquitectura/firstprocessor-ronaldfelipse/sumador32.vhd" \
      EN work/sumador32 1493939822
FL "C:/Users/cristian b/Desktop/Arquitectura/firstprocessor-ronaldfelipse/UnidadControl.vhd" 2017/04/18.17:04:18 P.20131013
EN work/UnidadControl 1493939826 \
      FL "C:/Users/cristian b/Desktop/Arquitectura/firstprocessor-ronaldfelipse/UnidadControl.vhd" \
      PB ieee/std_logic_1164 1381692176
AR work/UnidadControl/Behavioral 1493939827 \
      FL "C:/Users/cristian b/Desktop/Arquitectura/firstprocessor-ronaldfelipse/UnidadControl.vhd" \
      EN work/UnidadControl 1493939826
FL "C:/Users/cristian b/Desktop/Arquitectura/firstprocessor-ronaldfelipse/WindowsManager.vhd" 2017/04/21.17:11:14 P.20131013
EN work/WindowsManager 1493939816 \
      FL "C:/Users/cristian b/Desktop/Arquitectura/firstprocessor-ronaldfelipse/WindowsManager.vhd" \
      PB ieee/std_logic_1164 1381692176 PB ieee/std_logic_arith 1381692177 \
      PB ieee/STD_LOGIC_UNSIGNED 1381692179
AR work/WindowsManager/Behavioral 1493939817 \
      FL "C:/Users/cristian b/Desktop/Arquitectura/firstprocessor-ronaldfelipse/WindowsManager.vhd" \
      EN work/WindowsManager 1493939816
FL "C:/Users/cristian b/Downloads/Procesor-4.2/Pull/firstprocessor-ronaldfelipse/ALU.vhd" 2017/04/26.18:02:34 P.20131013
FL "C:/Users/cristian b/Downloads/Procesor-4.2/Pull/firstprocessor-ronaldfelipse/extensionSigno.vhd" 2017/04/04.17:18:54 P.20131013
FL "C:/Users/cristian b/Downloads/Procesor-4.2/Pull/firstprocessor-ronaldfelipse/InstructionMemory.vhd" 2017/04/04.17:18:54 P.20131013
FL "C:/Users/cristian b/Downloads/Procesor-4.2/Pull/firstprocessor-ronaldfelipse/multiplexor32.vhd" 2017/04/04.17:18:54 P.20131013
FL "C:/Users/cristian b/Downloads/Procesor-4.2/Pull/firstprocessor-ronaldfelipse/NProgramCounter.vhd" 2017/04/04.17:18:54 P.20131013
FL "C:/Users/cristian b/Downloads/Procesor-4.2/Pull/firstprocessor-ronaldfelipse/Procesador.vhd" 2017/04/21.17:19:41 P.20131013
FL "C:/Users/cristian b/Downloads/Procesor-4.2/Pull/firstprocessor-ronaldfelipse/ProgramCounter.vhd" 2017/04/04.17:18:54 P.20131013
FL "C:/Users/cristian b/Downloads/Procesor-4.2/Pull/firstprocessor-ronaldfelipse/PSR.vhd" 2017/04/21.16:53:54 P.20131013
FL "C:/Users/cristian b/Downloads/Procesor-4.2/Pull/firstprocessor-ronaldfelipse/PSRM.vhd" 2017/04/18.16:40:57 P.20131013
FL "C:/Users/cristian b/Downloads/Procesor-4.2/Pull/firstprocessor-ronaldfelipse/RegisterFile.vhd" 2017/04/21.17:17:48 P.20131013
FL "C:/Users/cristian b/Downloads/Procesor-4.2/Pull/firstprocessor-ronaldfelipse/sumador32.vhd" 2017/04/04.17:18:54 P.20131013
FL "C:/Users/cristian b/Downloads/Procesor-4.2/Pull/firstprocessor-ronaldfelipse/UnidadControl.vhd" 2017/04/18.17:04:18 P.20131013
FL "C:/Users/cristian b/Downloads/Procesor-4.2/Pull/firstprocessor-ronaldfelipse/WindowsManager.vhd" 2017/04/21.17:11:14 P.20131013
FL C:/Users/utp.CRIE/Desktop/firstprocessor-ronaldfelipse-3d3a6448cdfb3922c3d0108afe146206791c2697/ALU.vhd 2017/04/18.17:08:26 P.20131013
FL C:/Users/utp.CRIE/Desktop/firstprocessor-ronaldfelipse-3d3a6448cdfb3922c3d0108afe146206791c2697/extensionSigno.vhd 2017/04/04.17:18:54 P.20131013
FL C:/Users/utp.CRIE/Desktop/firstprocessor-ronaldfelipse-3d3a6448cdfb3922c3d0108afe146206791c2697/InstructionMemory.vhd 2017/04/04.17:18:54 P.20131013
FL C:/Users/utp.CRIE/Desktop/firstprocessor-ronaldfelipse-3d3a6448cdfb3922c3d0108afe146206791c2697/multiplexor32.vhd 2017/04/04.17:18:54 P.20131013
FL C:/Users/utp.CRIE/Desktop/firstprocessor-ronaldfelipse-3d3a6448cdfb3922c3d0108afe146206791c2697/NProgramCounter.vhd 2017/04/04.17:18:54 P.20131013
FL C:/Users/utp.CRIE/Desktop/firstprocessor-ronaldfelipse-3d3a6448cdfb3922c3d0108afe146206791c2697/Procesador.vhd 2017/04/18.17:08:26 P.20131013
FL C:/Users/utp.CRIE/Desktop/firstprocessor-ronaldfelipse-3d3a6448cdfb3922c3d0108afe146206791c2697/ProgramCounter.vhd 2017/04/04.17:18:54 P.20131013
FL C:/Users/utp.CRIE/Desktop/firstprocessor-ronaldfelipse-3d3a6448cdfb3922c3d0108afe146206791c2697/PSRM.vhd 2017/04/18.16:40:57 P.20131013
FL C:/Users/utp.CRIE/Desktop/firstprocessor-ronaldfelipse-3d3a6448cdfb3922c3d0108afe146206791c2697/RegisterFile.vhd 2017/04/04.17:18:54 P.20131013
FL C:/Users/utp.CRIE/Desktop/firstprocessor-ronaldfelipse-3d3a6448cdfb3922c3d0108afe146206791c2697/sumador32.vhd 2017/04/04.17:18:54 P.20131013
FL C:/Users/utp.CRIE/Desktop/firstprocessor-ronaldfelipse-3d3a6448cdfb3922c3d0108afe146206791c2697/UnidadControl.vhd 2017/04/18.17:04:18 P.20131013
FL C:/Users/utp/Desktop/firstprocessor-ronaldfelipse-3d3a6448cdfb3922c3d0108afe146206791c2697/ALU.vhd 2017/04/21.16:33:19 P.20131013
FL C:/Users/utp/Desktop/firstprocessor-ronaldfelipse-3d3a6448cdfb3922c3d0108afe146206791c2697/extensionSigno.vhd 2017/04/04.17:18:54 P.20131013
FL C:/Users/utp/Desktop/firstprocessor-ronaldfelipse-3d3a6448cdfb3922c3d0108afe146206791c2697/InstructionMemory.vhd 2017/04/04.17:18:54 P.20131013
FL C:/Users/utp/Desktop/firstprocessor-ronaldfelipse-3d3a6448cdfb3922c3d0108afe146206791c2697/multiplexor32.vhd 2017/04/04.17:18:54 P.20131013
FL C:/Users/utp/Desktop/firstprocessor-ronaldfelipse-3d3a6448cdfb3922c3d0108afe146206791c2697/NProgramCounter.vhd 2017/04/04.17:18:54 P.20131013
FL C:/Users/utp/Desktop/firstprocessor-ronaldfelipse-3d3a6448cdfb3922c3d0108afe146206791c2697/Procesador.vhd 2017/04/21.17:16:09 P.20131013
FL C:/Users/utp/Desktop/firstprocessor-ronaldfelipse-3d3a6448cdfb3922c3d0108afe146206791c2697/ProgramCounter.vhd 2017/04/04.17:18:54 P.20131013
FL C:/Users/utp/Desktop/firstprocessor-ronaldfelipse-3d3a6448cdfb3922c3d0108afe146206791c2697/PSR.vhd 2017/04/21.16:53:54 P.20131013
FL C:/Users/utp/Desktop/firstprocessor-ronaldfelipse-3d3a6448cdfb3922c3d0108afe146206791c2697/PSRM.vhd 2017/04/18.16:40:57 P.20131013
FL C:/Users/utp/Desktop/firstprocessor-ronaldfelipse-3d3a6448cdfb3922c3d0108afe146206791c2697/RegisterFile.vhd 2017/04/21.17:17:48 P.20131013
FL C:/Users/utp/Desktop/firstprocessor-ronaldfelipse-3d3a6448cdfb3922c3d0108afe146206791c2697/sumador32.vhd 2017/04/04.17:18:54 P.20131013
FL C:/Users/utp/Desktop/firstprocessor-ronaldfelipse-3d3a6448cdfb3922c3d0108afe146206791c2697/UnidadControl.vhd 2017/04/18.17:04:18 P.20131013
FL C:/Users/utp/Desktop/firstprocessor-ronaldfelipse-3d3a6448cdfb3922c3d0108afe146206791c2697/WindowsManager.vhd 2017/04/21.17:11:14 P.20131013
